2026-04-25 19:02:21.401 WAT [Error] getAllClaimsFromToken : "gggggggg", "JWT strings must contain exactly 2 period characters. Found: 0"
2026-04-25 19:02:21.401 WAT [Error] getAllClaimsFromToken : "gggggggg", "JWT strings must contain exactly 2 period characters. Found: 0"
2026-04-25 19:16:45.482 WAT [Error] ResourceNotFoundException "dz.elit.sihati.domain.exceptions.ResourceNotFoundException: No upcoming accepted appointment found for patient with code: U0010"
2026-04-25 19:16:47.261 WAT [Error] ResourceNotFoundException "dz.elit.sihati.domain.exceptions.ResourceNotFoundException: No upcoming accepted appointment found for patient with code: U0010"
2026-04-25 19:17:36.366 WAT [Error] ResourceNotFoundException "dz.elit.sihati.domain.exceptions.ResourceNotFoundException: No upcoming accepted appointment found for patient with code: U0010"
2026-04-25 19:21:16.527 WAT [Error] ResourceNotFoundException "dz.elit.sihati.domain.exceptions.ResourceNotFoundException: No upcoming accepted appointment found for patient with code: U017"
2026-04-25 19:21:17.709 WAT [Error] BadCredentialsException "org.springframework.security.authentication.BadCredentialsException: Bad credentials"
2026-04-25 19:21:59.648 WAT [Error] ResourceNotFoundException "dz.elit.sihati.domain.exceptions.ResourceNotFoundException: No upcoming accepted appointment found for patient with code: U017"
2026-04-25 19:22:00.545 WAT [Error] BadCredentialsException "org.springframework.security.authentication.BadCredentialsException: Bad credentials"
2026-04-25 19:47:29.728 WAT [Error] BadCredentialsException "org.springframework.security.authentication.BadCredentialsException: Bad credentials"
2026-04-25 19:55:00.099 WAT [Error] ResourceNotFoundException "dz.elit.sihati.domain.exceptions.ResourceNotFoundException: No upcoming accepted appointment found for patient with code: U017"
2026-04-25 19:55:01.334 WAT [Error] BadCredentialsException "org.springframework.security.authentication.BadCredentialsException: Bad credentials"
2026-04-25 20:33:37.661 WAT [Error] ResourceNotFoundException "dz.elit.sihati.domain.exceptions.ResourceNotFoundException: No upcoming accepted appointment found for patient with code: U017"
2026-04-25 20:33:38.882 WAT [Error] DataIntegrityViolationException "org.springframework.dao.DataIntegrityViolationException: JDBC exception executing SQL [with id_cte (id) as materialized (select u1_0.id from admin.user u1_0 left join reference.patient u1_1 on u1_0.id=u1_1.id where u1_0.code=?),\"update_cte_admin.user\" (id) as (update admin.user u1_0 set password_source_code=? where u1_0.id in (select id.id from id_cte id) returning id) select count(*) from id_cte id] [ERREUR: une instruction insert ou update sur la table « user » viole la contrainte de clé
étrangère « fk_password_source »
  Detail: La clé (password_source_code)=() n'est pas présente dans la table « user ».] [n/a]; SQL [n/a]; constraint [null]"
2026-04-25 20:33:45.370 WAT [Error] DataIntegrityViolationException "org.springframework.dao.DataIntegrityViolationException: JDBC exception executing SQL [with id_cte (id) as materialized (select u1_0.id from admin.user u1_0 left join reference.patient u1_1 on u1_0.id=u1_1.id where u1_0.code=?),\"update_cte_admin.user\" (id) as (update admin.user u1_0 set password_source_code=? where u1_0.id in (select id.id from id_cte id) returning id) select count(*) from id_cte id] [ERREUR: une instruction insert ou update sur la table « user » viole la contrainte de clé
étrangère « fk_password_source »
  Detail: La clé (password_source_code)=() n'est pas présente dans la table « user ».] [n/a]; SQL [n/a]; constraint [null]"
2026-04-25 20:41:48.417 WAT [Error] DataIntegrityViolationException "org.springframework.dao.DataIntegrityViolationException: JDBC exception executing SQL [with id_cte (id) as materialized (select u1_0.id from admin.user u1_0 left join reference.patient u1_1 on u1_0.id=u1_1.id where u1_0.code=?),\"update_cte_admin.user\" (id) as (update admin.user u1_0 set password_source_code=? where u1_0.id in (select id.id from id_cte id) returning id) select count(*) from id_cte id] [ERREUR: une instruction insert ou update sur la table « user » viole la contrainte de clé
étrangère « fk_password_source »
  Detail: La clé (password_source_code)=() n'est pas présente dans la table « user ».] [n/a]; SQL [n/a]; constraint [null]"
2026-04-25 20:42:07.378 WAT [Error] ResourceNotFoundException "dz.elit.sihati.domain.exceptions.ResourceNotFoundException: No upcoming accepted appointment found for patient with code: U017"
2026-04-25 20:42:08.811 WAT [Error] DataIntegrityViolationException "org.springframework.dao.DataIntegrityViolationException: JDBC exception executing SQL [with id_cte (id) as materialized (select u1_0.id from admin.user u1_0 left join reference.patient u1_1 on u1_0.id=u1_1.id where u1_0.code=?),\"update_cte_admin.user\" (id) as (update admin.user u1_0 set password_source_code=? where u1_0.id in (select id.id from id_cte id) returning id) select count(*) from id_cte id] [ERREUR: une instruction insert ou update sur la table « user » viole la contrainte de clé
étrangère « fk_password_source »
  Detail: La clé (password_source_code)=() n'est pas présente dans la table « user ».] [n/a]; SQL [n/a]; constraint [null]"
2026-04-25 20:42:14.254 WAT [Error] DataIntegrityViolationException "org.springframework.dao.DataIntegrityViolationException: JDBC exception executing SQL [with id_cte (id) as materialized (select u1_0.id from admin.user u1_0 left join reference.patient u1_1 on u1_0.id=u1_1.id where u1_0.code=?),\"update_cte_admin.user\" (id) as (update admin.user u1_0 set password_source_code=? where u1_0.id in (select id.id from id_cte id) returning id) select count(*) from id_cte id] [ERREUR: une instruction insert ou update sur la table « user » viole la contrainte de clé
étrangère « fk_password_source »
  Detail: La clé (password_source_code)=() n'est pas présente dans la table « user ».] [n/a]; SQL [n/a]; constraint [null]"
2026-04-25 20:42:23.907 WAT [Error] DataIntegrityViolationException "org.springframework.dao.DataIntegrityViolationException: JDBC exception executing SQL [with id_cte (id) as materialized (select u1_0.id from admin.user u1_0 left join reference.patient u1_1 on u1_0.id=u1_1.id where u1_0.code=?),\"update_cte_admin.user\" (id) as (update admin.user u1_0 set password_source_code=? where u1_0.id in (select id.id from id_cte id) returning id) select count(*) from id_cte id] [ERREUR: une instruction insert ou update sur la table « user » viole la contrainte de clé
étrangère « fk_password_source »
  Detail: La clé (password_source_code)=() n'est pas présente dans la table « user ».] [n/a]; SQL [n/a]; constraint [null]"
2026-04-25 20:42:29.579 WAT [Error] DataIntegrityViolationException "org.springframework.dao.DataIntegrityViolationException: JDBC exception executing SQL [with id_cte (id) as materialized (select u1_0.id from admin.user u1_0 left join reference.patient u1_1 on u1_0.id=u1_1.id where u1_0.code=?),\"update_cte_admin.user\" (id) as (update admin.user u1_0 set password_source_code=? where u1_0.id in (select id.id from id_cte id) returning id) select count(*) from id_cte id] [ERREUR: une instruction insert ou update sur la table « user » viole la contrainte de clé
étrangère « fk_password_source »
  Detail: La clé (password_source_code)=() n'est pas présente dans la table « user ».] [n/a]; SQL [n/a]; constraint [null]"
2026-04-25 20:44:12.796 WAT [Error] DataIntegrityViolationException "org.springframework.dao.DataIntegrityViolationException: JDBC exception executing SQL [with id_cte (id) as materialized (select u1_0.id from admin.user u1_0 left join reference.patient u1_1 on u1_0.id=u1_1.id where u1_0.code=?),\"update_cte_admin.user\" (id) as (update admin.user u1_0 set password_source_code=? where u1_0.id in (select id.id from id_cte id) returning id) select count(*) from id_cte id] [ERREUR: une instruction insert ou update sur la table « user » viole la contrainte de clé
étrangère « fk_password_source »
  Detail: La clé (password_source_code)=() n'est pas présente dans la table « user ».] [n/a]; SQL [n/a]; constraint [null]"
2026-04-25 20:46:33.648 WAT [Error] ResourceNotFoundException "dz.elit.sihati.domain.exceptions.ResourceNotFoundException: No upcoming accepted appointment found for patient with code: U017"
2026-04-25 20:46:34.942 WAT [Error] DataIntegrityViolationException "org.springframework.dao.DataIntegrityViolationException: JDBC exception executing SQL [with id_cte (id) as materialized (select u1_0.id from admin.user u1_0 left join reference.patient u1_1 on u1_0.id=u1_1.id where u1_0.code=?),\"update_cte_admin.user\" (id) as (update admin.user u1_0 set password_source_code=? where u1_0.id in (select id.id from id_cte id) returning id) select count(*) from id_cte id] [ERREUR: une instruction insert ou update sur la table « user » viole la contrainte de clé
étrangère « fk_password_source »
  Detail: La clé (password_source_code)=() n'est pas présente dans la table « user ».] [n/a]; SQL [n/a]; constraint [null]"
2026-04-25 20:46:48.015 WAT [Error] DataIntegrityViolationException "org.springframework.dao.DataIntegrityViolationException: JDBC exception executing SQL [with id_cte (id) as materialized (select u1_0.id from admin.user u1_0 left join reference.patient u1_1 on u1_0.id=u1_1.id where u1_0.code=?),\"update_cte_admin.user\" (id) as (update admin.user u1_0 set password_source_code=? where u1_0.id in (select id.id from id_cte id) returning id) select count(*) from id_cte id] [ERREUR: une instruction insert ou update sur la table « user » viole la contrainte de clé
étrangère « fk_password_source »
  Detail: La clé (password_source_code)=() n'est pas présente dans la table « user ».] [n/a]; SQL [n/a]; constraint [null]"
2026-04-25 20:47:51.082 WAT [Error] ResourceNotFoundException "dz.elit.sihati.domain.exceptions.ResourceNotFoundException: user with username : redjel.ilyes is not Exist"
2026-04-25 20:48:19.976 WAT [Error] ResourceNotFoundException "dz.elit.sihati.domain.exceptions.ResourceNotFoundException: No upcoming accepted appointment found for patient with code: U017"
2026-04-25 20:48:20.815 WAT [Error] DataIntegrityViolationException "org.springframework.dao.DataIntegrityViolationException: JDBC exception executing SQL [with id_cte (id) as materialized (select u1_0.id from admin.user u1_0 left join reference.patient u1_1 on u1_0.id=u1_1.id where u1_0.code=?),\"update_cte_admin.user\" (id) as (update admin.user u1_0 set password_source_code=? where u1_0.id in (select id.id from id_cte id) returning id) select count(*) from id_cte id] [ERREUR: une instruction insert ou update sur la table « user » viole la contrainte de clé
étrangère « fk_password_source »
  Detail: La clé (password_source_code)=() n'est pas présente dans la table « user ».] [n/a]; SQL [n/a]; constraint [null]"
2026-04-25 20:50:38.821 WAT [Error] ResourceNotFoundException "dz.elit.sihati.domain.exceptions.ResourceNotFoundException: No upcoming accepted appointment found for patient with code: U017"
2026-04-25 20:50:43.861 WAT [Error] DataIntegrityViolationException "org.springframework.dao.DataIntegrityViolationException: JDBC exception executing SQL [with id_cte (id) as materialized (select u1_0.id from admin.user u1_0 left join reference.patient u1_1 on u1_0.id=u1_1.id where u1_0.code=?),\"update_cte_admin.user\" (id) as (update admin.user u1_0 set password_source_code=? where u1_0.id in (select id.id from id_cte id) returning id) select count(*) from id_cte id] [ERREUR: une instruction insert ou update sur la table « user » viole la contrainte de clé
étrangère « fk_password_source »
  Detail: La clé (password_source_code)=() n'est pas présente dans la table « user ».] [n/a]; SQL [n/a]; constraint [null]"
2026-04-25 20:51:20.826 WAT [Error] ResourceNotFoundException "dz.elit.sihati.domain.exceptions.ResourceNotFoundException: No upcoming accepted appointment found for patient with code: U017"
2026-04-25 20:51:28.221 WAT [Error] DataIntegrityViolationException "org.springframework.dao.DataIntegrityViolationException: JDBC exception executing SQL [with id_cte (id) as materialized (select u1_0.id from admin.user u1_0 left join reference.patient u1_1 on u1_0.id=u1_1.id where u1_0.code=?),\"update_cte_admin.user\" (id) as (update admin.user u1_0 set password_source_code=? where u1_0.id in (select id.id from id_cte id) returning id) select count(*) from id_cte id] [ERREUR: une instruction insert ou update sur la table « user » viole la contrainte de clé
étrangère « fk_password_source »
  Detail: La clé (password_source_code)=() n'est pas présente dans la table « user ».] [n/a]; SQL [n/a]; constraint [null]"
2026-04-25 20:52:56.046 WAT [Error] ResourceNotFoundException "dz.elit.sihati.domain.exceptions.ResourceNotFoundException: No upcoming accepted appointment found for patient with code: U017"
2026-04-25 20:52:58.628 WAT [Error] BadCredentialsException "org.springframework.security.authentication.BadCredentialsException: Bad credentials"
2026-04-25 20:53:24.787 WAT [Error] ResourceNotFoundException "dz.elit.sihati.domain.exceptions.ResourceNotFoundException: No upcoming accepted appointment found for patient with code: U017"
2026-04-25 20:53:35.076 WAT [Error] BadCredentialsException "org.springframework.security.authentication.BadCredentialsException: Bad credentials"
2026-04-25 20:55:06.131 WAT [Error] ResourceNotFoundException "dz.elit.sihati.domain.exceptions.ResourceNotFoundException: No upcoming accepted appointment found for patient with code: U017"
2026-04-25 20:55:07.444 WAT [Error] BadCredentialsException "org.springframework.security.authentication.BadCredentialsException: Bad credentials"
2026-04-25 21:03:46.270 WAT [Error] BadCredentialsException "org.springframework.security.authentication.BadCredentialsException: Bad credentials"
2026-04-25 21:06:05.270 WAT [Error] ResourceNotFoundException "dz.elit.sihati.domain.exceptions.ResourceNotFoundException: No upcoming accepted appointment found for patient with code: U017"
2026-04-25 21:06:08.530 WAT [Error] BadCredentialsException "org.springframework.security.authentication.BadCredentialsException: Bad credentials"
2026-04-25 21:06:16.591 WAT [Error] BadCredentialsException "org.springframework.security.authentication.BadCredentialsException: Bad credentials"
2026-04-25 21:08:43.858 WAT [Error] ResourceNotFoundException "dz.elit.sihati.domain.exceptions.ResourceNotFoundException: No upcoming accepted appointment found for patient with code: U017"
2026-04-25 21:09:29.907 WAT [Error] AccessDeniedException "org.springframework.security.access.AccessDeniedException: Accès refusé"
2026-04-25 21:09:42.646 WAT [Error] getAllClaimsFromToken : "gggggggg", "JWT strings must contain exactly 2 period characters. Found: 0"
2026-04-25 21:10:43.210 WAT [Error] getAllClaimsFromToken : "gggggggg", "JWT strings must contain exactly 2 period characters. Found: 0"
2026-04-25 21:11:13.845 WAT [Error] getAllClaimsFromToken : "gggggggg", "JWT strings must contain exactly 2 period characters. Found: 0"
2026-04-25 21:11:43.226 WAT [Error] getAllClaimsFromToken : "gggggggg", "JWT strings must contain exactly 2 period characters. Found: 0"
2026-04-25 21:12:13.844 WAT [Error] getAllClaimsFromToken : "gggggggg", "JWT strings must contain exactly 2 period characters. Found: 0"
2026-04-25 21:12:43.219 WAT [Error] getAllClaimsFromToken : "gggggggg", "JWT strings must contain exactly 2 period characters. Found: 0"
2026-04-25 21:13:13.845 WAT [Error] getAllClaimsFromToken : "gggggggg", "JWT strings must contain exactly 2 period characters. Found: 0"
2026-04-25 21:14:32.846 WAT [Error] getAllClaimsFromToken : "gggggggg", "JWT strings must contain exactly 2 period characters. Found: 0"
2026-04-25 21:15:42.840 WAT [Error] getAllClaimsFromToken : "gggggggg", "JWT strings must contain exactly 2 period characters. Found: 0"
2026-04-25 21:16:42.223 WAT [Error] getAllClaimsFromToken : "gggggggg", "JWT strings must contain exactly 2 period characters. Found: 0"
2026-04-25 21:17:42.840 WAT [Error] getAllClaimsFromToken : "gggggggg", "JWT strings must contain exactly 2 period characters. Found: 0"
2026-04-25 21:18:42.220 WAT [Error] getAllClaimsFromToken : "gggggggg", "JWT strings must contain exactly 2 period characters. Found: 0"
2026-04-25 21:19:42.843 WAT [Error] getAllClaimsFromToken : "gggggggg", "JWT strings must contain exactly 2 period characters. Found: 0"
2026-04-25 21:20:42.224 WAT [Error] getAllClaimsFromToken : "gggggggg", "JWT strings must contain exactly 2 period characters. Found: 0"
2026-04-25 21:21:30.165 WAT [Error] getAllClaimsFromToken : "gggggggg", "JWT strings must contain exactly 2 period characters. Found: 0"
2026-04-25 21:21:42.843 WAT [Error] getAllClaimsFromToken : "gggggggg", "JWT strings must contain exactly 2 period characters. Found: 0"
2026-04-25 21:22:42.213 WAT [Error] getAllClaimsFromToken : "gggggggg", "JWT strings must contain exactly 2 period characters. Found: 0"
2026-04-25 21:40:56.218 WAT [Error] ResourceNotFoundException "dz.elit.sihati.domain.exceptions.ResourceNotFoundException: No upcoming accepted appointment found for patient with code: U0010"
2026-04-25 21:42:26.696 WAT [Error] ResourceNotFoundException "dz.elit.sihati.domain.exceptions.ResourceNotFoundException: No upcoming accepted appointment found for patient with code: U017"
2026-04-25 21:42:29.459 WAT [Error] ResourceNotFoundException "dz.elit.sihati.domain.exceptions.ResourceNotFoundException: No upcoming accepted appointment found for patient with code: U017"
2026-04-25 21:42:56.148 WAT [Error] BadCredentialsException "org.springframework.security.authentication.BadCredentialsException: Bad credentials"
2026-04-25 21:46:12.817 WAT [Error] getAllClaimsFromToken : "gggggggg", "JWT strings must contain exactly 2 period characters. Found: 0"
2026-04-25 21:55:28.516 WAT [Error] getAllClaimsFromToken : "gggggggg", "JWT strings must contain exactly 2 period characters. Found: 0"
2026-04-25 21:55:28.606 WAT [Error] getAllClaimsFromToken : "gggggggg", "JWT strings must contain exactly 2 period characters. Found: 0"
2026-04-25 21:55:28.677 WAT [Error] AccessDeniedException "org.springframework.security.access.AccessDeniedException: Accès refusé"
2026-04-25 21:55:28.680 WAT [Error] AccessDeniedException "org.springframework.security.access.AccessDeniedException: Accès refusé"
2026-04-25 21:55:28.752 WAT [Error] getAllClaimsFromToken : "gggggggg", "JWT strings must contain exactly 2 period characters. Found: 0"
2026-04-25 21:55:28.755 WAT [Error] AccessDeniedException "org.springframework.security.access.AccessDeniedException: Accès refusé"
2026-04-25 21:55:51.980 WAT [Error] getAllClaimsFromToken : "gggggggg", "JWT strings must contain exactly 2 period characters. Found: 0"
2026-04-25 21:56:23.991 WAT [Error] getAllClaimsFromToken : "gggggggg", "JWT strings must contain exactly 2 period characters. Found: 0"
2026-04-25 21:56:26.868 WAT [Error] getAllClaimsFromToken : "gggggggg", "JWT strings must contain exactly 2 period characters. Found: 0"
2026-04-25 22:04:57.068 WAT [Error] ResourceNotFoundException "dz.elit.sihati.domain.exceptions.ResourceNotFoundException: No upcoming accepted appointment found for patient with code: U013"
2026-04-25 22:05:15.723 WAT [Error] AccessDeniedException "org.springframework.security.access.AccessDeniedException: Accès refusé"
2026-04-25 22:05:22.295 WAT [Error] AccessDeniedException "org.springframework.security.access.AccessDeniedException: Accès refusé"
2026-04-25 22:05:33.973 WAT [Error] AccessDeniedException "org.springframework.security.access.AccessDeniedException: Accès refusé"
2026-04-25 22:05:42.230 WAT [Error] getAllClaimsFromToken : "gggggggg", "JWT strings must contain exactly 2 period characters. Found: 0"
2026-04-25 22:06:42.849 WAT [Error] getAllClaimsFromToken : "gggggggg", "JWT strings must contain exactly 2 period characters. Found: 0"
2026-04-25 22:07:42.219 WAT [Error] getAllClaimsFromToken : "gggggggg", "JWT strings must contain exactly 2 period characters. Found: 0"
2026-04-25 22:08:42.845 WAT [Error] getAllClaimsFromToken : "gggggggg", "JWT strings must contain exactly 2 period characters. Found: 0"
2026-04-25 22:08:49.307 WAT [Error] ResourceNotFoundException "dz.elit.sihati.domain.exceptions.ResourceNotFoundException: No upcoming accepted appointment found for patient with code: U015"
2026-04-25 22:08:51.428 WAT [Error] ResourceNotFoundException "dz.elit.sihati.domain.exceptions.ResourceNotFoundException: No upcoming accepted appointment found for patient with code: U015"
2026-04-25 22:09:42.841 WAT [Error] getAllClaimsFromToken : "gggggggg", "JWT strings must contain exactly 2 period characters. Found: 0"
2026-04-25 22:10:42.218 WAT [Error] getAllClaimsFromToken : "gggggggg", "JWT strings must contain exactly 2 period characters. Found: 0"
2026-04-25 22:11:42.848 WAT [Error] getAllClaimsFromToken : "gggggggg", "JWT strings must contain exactly 2 period characters. Found: 0"
2026-04-25 22:12:05.501 WAT [Error] ResourceNotFoundException "dz.elit.sihati.domain.exceptions.ResourceNotFoundException: No upcoming accepted appointment found for patient with code: U005"
2026-04-25 22:12:07.774 WAT [Error] ResourceNotFoundException "dz.elit.sihati.domain.exceptions.ResourceNotFoundException: No upcoming accepted appointment found for patient with code: U005"
2026-04-25 22:12:27.583 WAT [Error] ResourceNotFoundException "dz.elit.sihati.domain.exceptions.ResourceNotFoundException: No upcoming accepted appointment found for patient with code: U008"
2026-04-25 22:12:29.965 WAT [Error] ResourceNotFoundException "dz.elit.sihati.domain.exceptions.ResourceNotFoundException: No upcoming accepted appointment found for patient with code: U008"
2026-04-25 22:12:30.403 WAT [Error] ResourceNotFoundException "dz.elit.sihati.domain.exceptions.ResourceNotFoundException: No consultation found for patient with code: U008"
2026-04-25 22:12:37.428 WAT [Error] ResourceNotFoundException "dz.elit.sihati.domain.exceptions.ResourceNotFoundException: No upcoming accepted appointment found for patient with code: U009"
2026-04-25 22:12:39.475 WAT [Error] ResourceNotFoundException "dz.elit.sihati.domain.exceptions.ResourceNotFoundException: No upcoming accepted appointment found for patient with code: U009"
2026-04-25 22:12:39.897 WAT [Error] ResourceNotFoundException "dz.elit.sihati.domain.exceptions.ResourceNotFoundException: No consultation found for patient with code: U009"
2026-04-25 22:12:42.217 WAT [Error] getAllClaimsFromToken : "gggggggg", "JWT strings must contain exactly 2 period characters. Found: 0"
2026-04-25 22:13:42.842 WAT [Error] getAllClaimsFromToken : "gggggggg", "JWT strings must contain exactly 2 period characters. Found: 0"
2026-04-25 22:13:53.151 WAT [Error] ActionNotAllowedException "dz.elit.sihati.domain.exceptions.ActionNotAllowedException: Only requests with status PENDING can be modified"
2026-04-25 22:13:59.926 WAT [Error] ActionNotAllowedException "dz.elit.sihati.domain.exceptions.ActionNotAllowedException: Only requests with status PENDING can be modified"
2026-04-25 22:14:42.223 WAT [Error] getAllClaimsFromToken : "gggggggg", "JWT strings must contain exactly 2 period characters. Found: 0"
2026-04-25 22:15:42.837 WAT [Error] getAllClaimsFromToken : "gggggggg", "JWT strings must contain exactly 2 period characters. Found: 0"
2026-04-25 22:16:42.230 WAT [Error] getAllClaimsFromToken : "gggggggg", "JWT strings must contain exactly 2 period characters. Found: 0"
2026-04-25 22:17:42.843 WAT [Error] getAllClaimsFromToken : "gggggggg", "JWT strings must contain exactly 2 period characters. Found: 0"
2026-04-25 22:18:42.218 WAT [Error] getAllClaimsFromToken : "gggggggg", "JWT strings must contain exactly 2 period characters. Found: 0"
2026-04-25 22:18:46.818 WAT [Error] getAllClaimsFromToken : "gggggggg", "JWT strings must contain exactly 2 period characters. Found: 0"
2026-04-25 22:19:42.846 WAT [Error] getAllClaimsFromToken : "gggggggg", "JWT strings must contain exactly 2 period characters. Found: 0"
2026-04-25 22:20:42.237 WAT [Error] getAllClaimsFromToken : "gggggggg", "JWT strings must contain exactly 2 period characters. Found: 0"
2026-04-25 22:21:03.741 WAT [Error] getAllClaimsFromToken : "gggggggg", "JWT strings must contain exactly 2 period characters. Found: 0"
2026-04-25 22:21:04.384 WAT [Error] getAllClaimsFromToken : "gggggggg", "JWT strings must contain exactly 2 period characters. Found: 0"
2026-04-25 22:21:04.390 WAT [Error] AccessDeniedException "org.springframework.security.access.AccessDeniedException: Accès refusé"
2026-04-25 22:21:05.064 WAT [Error] getAllClaimsFromToken : "gggggggg", "JWT strings must contain exactly 2 period characters. Found: 0"
2026-04-25 22:21:15.556 WAT [Error] getAllClaimsFromToken : "gggggggg", "JWT strings must contain exactly 2 period characters. Found: 0"
2026-04-25 22:21:15.557 WAT [Error] AccessDeniedException "org.springframework.security.access.AccessDeniedException: Accès refusé"
2026-04-25 22:21:27.451 WAT [Error] getAllClaimsFromToken : "gggggggg", "JWT strings must contain exactly 2 period characters. Found: 0"
