2026-04-17 15:03:07.367 WAT [Error] getAllClaimsFromToken : "gggggggg", "JWT strings must contain exactly 2 period characters. Found: 0"
2026-04-17 15:03:07.367 WAT [Error] getAllClaimsFromToken : "gggggggg", "JWT strings must contain exactly 2 period characters. Found: 0"
2026-04-17 15:03:07.367 WAT [Error] getAllClaimsFromToken : "gggggggg", "JWT strings must contain exactly 2 period characters. Found: 0"
2026-04-17 15:03:07.367 WAT [Error] getAllClaimsFromToken : "gggggggg", "JWT strings must contain exactly 2 period characters. Found: 0"
2026-04-17 15:03:07.367 WAT [Error] getAllClaimsFromToken : "gggggggg", "JWT strings must contain exactly 2 period characters. Found: 0"
2026-04-17 15:03:07.367 WAT [Error] getAllClaimsFromToken : "gggggggg", "JWT strings must contain exactly 2 period characters. Found: 0"
2026-04-17 15:03:07.367 WAT [Error] getAllClaimsFromToken : "gggggggg", "JWT strings must contain exactly 2 period characters. Found: 0"
2026-04-17 15:03:07.367 WAT [Error] getAllClaimsFromToken : "gggggggg", "JWT strings must contain exactly 2 period characters. Found: 0"
2026-04-17 15:03:07.367 WAT [Error] getAllClaimsFromToken : "gggggggg", "JWT strings must contain exactly 2 period characters. Found: 0"
2026-04-17 15:03:07.367 WAT [Error] getAllClaimsFromToken : "gggggggg", "JWT strings must contain exactly 2 period characters. Found: 0"
2026-04-17 15:03:07.367 WAT [Error] getAllClaimsFromToken : "gggggggg", "JWT strings must contain exactly 2 period characters. Found: 0"
2026-04-17 15:03:07.603 WAT [Error] AccessDeniedException "org.springframework.security.access.AccessDeniedException: Accès refusé"
2026-04-17 15:03:07.604 WAT [Error] AccessDeniedException "org.springframework.security.access.AccessDeniedException: Accès refusé"
2026-04-17 15:03:07.605 WAT [Error] AccessDeniedException "org.springframework.security.access.AccessDeniedException: Accès refusé"
2026-04-17 15:03:07.605 WAT [Error] AccessDeniedException "org.springframework.security.access.AccessDeniedException: Accès refusé"
2026-04-17 15:03:07.604 WAT [Error] AccessDeniedException "org.springframework.security.access.AccessDeniedException: Accès refusé"
2026-04-17 15:03:08.154 WAT [Error] getAllClaimsFromToken : "gggggggg", "JWT strings must contain exactly 2 period characters. Found: 0"
2026-04-17 15:03:09.173 WAT [Error] getAllClaimsFromToken : "gggggggg", "JWT strings must contain exactly 2 period characters. Found: 0"
2026-04-17 15:04:11.606 WAT [Error] getAllClaimsFromToken : "gggggggg", "JWT strings must contain exactly 2 period characters. Found: 0"
2026-04-17 15:04:11.606 WAT [Error] getAllClaimsFromToken : "gggggggg", "JWT strings must contain exactly 2 period characters. Found: 0"
2026-04-17 15:04:11.609 WAT [Error] AccessDeniedException "org.springframework.security.access.AccessDeniedException: Accès refusé"
2026-04-17 15:04:11.609 WAT [Error] AccessDeniedException "org.springframework.security.access.AccessDeniedException: Accès refusé"
2026-04-17 15:04:11.611 WAT [Error] getAllClaimsFromToken : "gggggggg", "JWT strings must contain exactly 2 period characters. Found: 0"
2026-04-17 15:04:11.622 WAT [Error] getAllClaimsFromToken : "gggggggg", "JWT strings must contain exactly 2 period characters. Found: 0"
2026-04-17 15:04:11.624 WAT [Error] AccessDeniedException "org.springframework.security.access.AccessDeniedException: Accès refusé"
2026-04-17 15:04:11.624 WAT [Error] getAllClaimsFromToken : "gggggggg", "JWT strings must contain exactly 2 period characters. Found: 0"
2026-04-17 15:04:11.629 WAT [Error] getAllClaimsFromToken : "gggggggg", "JWT strings must contain exactly 2 period characters. Found: 0"
2026-04-17 15:04:11.632 WAT [Error] AccessDeniedException "org.springframework.security.access.AccessDeniedException: Accès refusé"
2026-04-17 15:04:11.634 WAT [Error] getAllClaimsFromToken : "gggggggg", "JWT strings must contain exactly 2 period characters. Found: 0"
2026-04-17 15:04:11.639 WAT [Error] getAllClaimsFromToken : "gggggggg", "JWT strings must contain exactly 2 period characters. Found: 0"
2026-04-17 15:04:11.675 WAT [Error] getAllClaimsFromToken : "gggggggg", "JWT strings must contain exactly 2 period characters. Found: 0"
2026-04-17 15:04:11.777 WAT [Error] getAllClaimsFromToken : "gggggggg", "JWT strings must contain exactly 2 period characters. Found: 0"
2026-04-17 15:04:11.779 WAT [Error] AccessDeniedException "org.springframework.security.access.AccessDeniedException: Accès refusé"
2026-04-17 15:04:11.784 WAT [Error] getAllClaimsFromToken : "gggggggg", "JWT strings must contain exactly 2 period characters. Found: 0"
2026-04-17 15:04:12.232 WAT [Error] getAllClaimsFromToken : "gggggggg", "JWT strings must contain exactly 2 period characters. Found: 0"
2026-04-17 15:04:12.325 WAT [Error] getAllClaimsFromToken : "gggggggg", "JWT strings must contain exactly 2 period characters. Found: 0"
2026-04-17 15:37:46.724 WAT [Error] getAllClaimsFromToken : "gggggggg", "JWT strings must contain exactly 2 period characters. Found: 0"
2026-04-17 15:39:21.514 WAT [Error] getAllClaimsFromToken : "gggggggg", "JWT strings must contain exactly 2 period characters. Found: 0"
2026-04-17 16:16:18.621 WAT [Error] getAllClaimsFromToken : "gggggggg", "JWT strings must contain exactly 2 period characters. Found: 0"
2026-04-17 16:18:53.866 WAT [Error] getAllClaimsFromToken : "gggggggg", "JWT strings must contain exactly 2 period characters. Found: 0"
2026-04-17 16:22:44.561 WAT [Error] getAllClaimsFromToken : "gggggggg", "JWT strings must contain exactly 2 period characters. Found: 0"
2026-04-17 16:27:13.711 WAT [Error] getAllClaimsFromToken : "gggggggg", "JWT strings must contain exactly 2 period characters. Found: 0"
2026-04-17 16:30:34.993 WAT [Error] getAllClaimsFromToken : "gggggggg", "JWT strings must contain exactly 2 period characters. Found: 0"
2026-04-17 16:35:51.700 WAT [Error] getAllClaimsFromToken : "gggggggg", "JWT strings must contain exactly 2 period characters. Found: 0"
2026-04-17 19:07:43.206 WAT [Error] getAllClaimsFromToken : "gggggggg", "JWT strings must contain exactly 2 period characters. Found: 0"
2026-04-17 19:07:43.257 WAT [Error] getAllClaimsFromToken : "gggggggg", "JWT strings must contain exactly 2 period characters. Found: 0"
2026-04-17 19:07:43.206 WAT [Error] getAllClaimsFromToken : "gggggggg", "JWT strings must contain exactly 2 period characters. Found: 0"
2026-04-17 19:07:43.206 WAT [Error] getAllClaimsFromToken : "gggggggg", "JWT strings must contain exactly 2 period characters. Found: 0"
2026-04-17 19:07:43.206 WAT [Error] getAllClaimsFromToken : "gggggggg", "JWT strings must contain exactly 2 period characters. Found: 0"
2026-04-17 19:07:43.206 WAT [Error] getAllClaimsFromToken : "gggggggg", "JWT strings must contain exactly 2 period characters. Found: 0"
2026-04-17 19:07:43.206 WAT [Error] getAllClaimsFromToken : "gggggggg", "JWT strings must contain exactly 2 period characters. Found: 0"
2026-04-17 19:07:43.206 WAT [Error] getAllClaimsFromToken : "gggggggg", "JWT strings must contain exactly 2 period characters. Found: 0"
2026-04-17 19:07:43.206 WAT [Error] getAllClaimsFromToken : "gggggggg", "JWT strings must contain exactly 2 period characters. Found: 0"
2026-04-17 19:07:43.206 WAT [Error] getAllClaimsFromToken : "gggggggg", "JWT strings must contain exactly 2 period characters. Found: 0"
2026-04-17 19:07:43.206 WAT [Error] getAllClaimsFromToken : "gggggggg", "JWT strings must contain exactly 2 period characters. Found: 0"
2026-04-17 19:07:43.261 WAT [Error] getAllClaimsFromToken : "gggggggg", "JWT strings must contain exactly 2 period characters. Found: 0"
2026-04-17 19:07:43.299 WAT [Error] getAllClaimsFromToken : "gggggggg", "JWT strings must contain exactly 2 period characters. Found: 0"
2026-04-17 19:07:43.307 WAT [Error] getAllClaimsFromToken : "gggggggg", "JWT strings must contain exactly 2 period characters. Found: 0"
2026-04-17 19:07:43.313 WAT [Error] getAllClaimsFromToken : "gggggggg", "JWT strings must contain exactly 2 period characters. Found: 0"
2026-04-17 19:07:43.320 WAT [Error] getAllClaimsFromToken : "gggggggg", "JWT strings must contain exactly 2 period characters. Found: 0"
2026-04-17 19:07:43.343 WAT [Error] AccessDeniedException "org.springframework.security.access.AccessDeniedException: Accès refusé"
2026-04-17 19:07:43.343 WAT [Error] AccessDeniedException "org.springframework.security.access.AccessDeniedException: Accès refusé"
2026-04-17 19:07:43.343 WAT [Error] AccessDeniedException "org.springframework.security.access.AccessDeniedException: Accès refusé"
2026-04-17 19:07:43.343 WAT [Error] AccessDeniedException "org.springframework.security.access.AccessDeniedException: Accès refusé"
2026-04-17 19:07:44.104 WAT [Error] getAllClaimsFromToken : "gggggggg", "JWT strings must contain exactly 2 period characters. Found: 0"
2026-04-17 19:07:44.152 WAT [Error] getAllClaimsFromToken : "gggggggg", "JWT strings must contain exactly 2 period characters. Found: 0"
2026-04-17 19:07:46.288 WAT [Error] getAllClaimsFromToken : "gggggggg", "JWT strings must contain exactly 2 period characters. Found: 0"
2026-04-17 19:07:46.288 WAT [Error] getAllClaimsFromToken : "gggggggg", "JWT strings must contain exactly 2 period characters. Found: 0"
2026-04-17 19:07:51.355 WAT [Error] getAllClaimsFromToken : "gggggggg", "JWT strings must contain exactly 2 period characters. Found: 0"
2026-04-17 19:07:51.355 WAT [Error] getAllClaimsFromToken : "gggggggg", "JWT strings must contain exactly 2 period characters. Found: 0"
2026-04-17 19:07:56.458 WAT [Error] getAllClaimsFromToken : "gggggggg", "JWT strings must contain exactly 2 period characters. Found: 0"
2026-04-17 19:07:56.458 WAT [Error] getAllClaimsFromToken : "gggggggg", "JWT strings must contain exactly 2 period characters. Found: 0"
2026-04-17 19:08:01.291 WAT [Error] getAllClaimsFromToken : "gggggggg", "JWT strings must contain exactly 2 period characters. Found: 0"
2026-04-17 19:08:01.291 WAT [Error] getAllClaimsFromToken : "gggggggg", "JWT strings must contain exactly 2 period characters. Found: 0"
2026-04-17 19:09:12.597 WAT [Error] BadCredentialsException "org.springframework.security.authentication.BadCredentialsException: Bad credentials"
2026-04-17 19:21:11.637 WAT [Error] ResourceNotFoundException "dz.elit.sihati.domain.exceptions.ResourceNotFoundException: Patient with code=null does not exist"
2026-04-17 19:26:46.902 WAT [Error] getAllClaimsFromToken : "gggggggg", "JWT strings must contain exactly 2 period characters. Found: 0"
2026-04-17 19:27:17.528 WAT [Error] getAllClaimsFromToken : "gggggggg", "JWT strings must contain exactly 2 period characters. Found: 0"
2026-04-17 19:27:47.529 WAT [Error] getAllClaimsFromToken : "gggggggg", "JWT strings must contain exactly 2 period characters. Found: 0"
2026-04-17 19:28:16.900 WAT [Error] getAllClaimsFromToken : "gggggggg", "JWT strings must contain exactly 2 period characters. Found: 0"
2026-04-17 19:28:47.522 WAT [Error] getAllClaimsFromToken : "gggggggg", "JWT strings must contain exactly 2 period characters. Found: 0"
2026-04-17 19:29:16.900 WAT [Error] getAllClaimsFromToken : "gggggggg", "JWT strings must contain exactly 2 period characters. Found: 0"
2026-04-17 19:29:47.625 WAT [Error] getAllClaimsFromToken : "gggggggg", "JWT strings must contain exactly 2 period characters. Found: 0"
2026-04-17 19:30:16.903 WAT [Error] getAllClaimsFromToken : "gggggggg", "JWT strings must contain exactly 2 period characters. Found: 0"
2026-04-17 19:30:40.607 WAT [Error] getAllClaimsFromToken : "gggggggg", "JWT strings must contain exactly 2 period characters. Found: 0"
2026-04-17 19:30:40.616 WAT [Error] AccessDeniedException "org.springframework.security.access.AccessDeniedException: Accès refusé"
2026-04-17 19:30:55.750 WAT [Error] getAllClaimsFromToken : "gggggggg", "JWT strings must contain exactly 2 period characters. Found: 0"
2026-04-17 19:30:56.670 WAT [Error] getAllClaimsFromToken : "gggggggg", "JWT strings must contain exactly 2 period characters. Found: 0"
2026-04-17 19:31:07.895 WAT [Error] AccessDeniedException "org.springframework.security.access.AccessDeniedException: Accès refusé"
2026-04-17 19:31:19.264 WAT [Error] AccessDeniedException "org.springframework.security.access.AccessDeniedException: Accès refusé"
2026-04-17 19:34:54.520 WAT [Error] ResourceNotFoundException "dz.elit.sihati.domain.exceptions.ResourceNotFoundException: Patient with code=null does not exist"
2026-04-17 19:35:02.815 WAT [Error] ResourceNotFoundException "dz.elit.sihati.domain.exceptions.ResourceNotFoundException: Patient with code=null does not exist"
2026-04-17 19:35:47.629 WAT [Error] ResourceNotFoundException "dz.elit.sihati.domain.exceptions.ResourceNotFoundException: Patient with code=null does not exist"
2026-04-17 19:35:58.334 WAT [Error] ResourceNotFoundException "dz.elit.sihati.domain.exceptions.ResourceNotFoundException: Patient with code=null does not exist"
2026-04-17 19:39:21.726 WAT [Error] ResourceNotFoundException "dz.elit.sihati.domain.exceptions.ResourceNotFoundException: Patient with code=null does not exist"
2026-04-17 19:40:18.951 WAT [Error] ResourceNotFoundException "dz.elit.sihati.domain.exceptions.ResourceNotFoundException: Patient with code=null does not exist"
2026-04-17 19:42:54.262 WAT [Error] ResourceNotFoundException "dz.elit.sihati.domain.exceptions.ResourceNotFoundException: Patient with code=null does not exist"
2026-04-17 19:51:44.521 WAT [Error] ResourceNotFoundException "dz.elit.sihati.domain.exceptions.ResourceNotFoundException: Patient with code=null does not exist"
2026-04-17 20:11:25.494 WAT [Error] getAllClaimsFromToken : "gggggggg", "JWT strings must contain exactly 2 period characters. Found: 0"
2026-04-17 20:11:26.165 WAT [Error] getAllClaimsFromToken : "gggggggg", "JWT strings must contain exactly 2 period characters. Found: 0"
2026-04-17 20:11:32.566 WAT [Error] getAllClaimsFromToken : "gggggggg", "JWT strings must contain exactly 2 period characters. Found: 0"
2026-04-17 20:11:33.127 WAT [Error] getAllClaimsFromToken : "gggggggg", "JWT strings must contain exactly 2 period characters. Found: 0"
2026-04-17 20:11:33.143 WAT [Error] AccessDeniedException "org.springframework.security.access.AccessDeniedException: Accès refusé"
2026-04-17 20:12:13.759 WAT [Error] ResourceNotFoundException "dz.elit.sihati.domain.exceptions.ResourceNotFoundException: No upcoming accepted appointment found for patient with code: U0010"
2026-04-17 20:12:16.727 WAT [Error] ResourceNotFoundException "dz.elit.sihati.domain.exceptions.ResourceNotFoundException: No upcoming accepted appointment found for patient with code: U0010"
2026-04-17 20:12:53.230 WAT [Error] getAllClaimsFromToken : "gggggggg", "JWT strings must contain exactly 2 period characters. Found: 0"
2026-04-17 20:15:27.462 WAT [Error] ResourceNotFoundException "dz.elit.sihati.domain.exceptions.ResourceNotFoundException: Patient with code=null does not exist"
2026-04-17 20:26:33.056 WAT [Error] ResourceNotFoundException "dz.elit.sihati.domain.exceptions.ResourceNotFoundException: Patient with code=3 does not exist"
2026-04-17 20:27:08.448 WAT [Error] ResourceNotFoundException "dz.elit.sihati.domain.exceptions.ResourceNotFoundException: Patient with code=3 does not exist"
2026-04-17 20:30:33.373 WAT [Error] ResourceNotFoundException "dz.elit.sihati.domain.exceptions.ResourceNotFoundException: TimingDoctor with code=null does not exist"
2026-04-17 20:30:56.257 WAT [Error] ResourceNotFoundException "dz.elit.sihati.domain.exceptions.ResourceNotFoundException: TimingDoctor with code=null does not exist"
2026-04-17 20:34:33.365 WAT [Error] ResourceNotFoundException "dz.elit.sihati.domain.exceptions.ResourceNotFoundException: TimingDoctor with code=null does not exist"
2026-04-17 20:36:07.841 WAT [Error] ResourceNotFoundException "dz.elit.sihati.domain.exceptions.ResourceNotFoundException: TimingDoctor with code=null does not exist"
2026-04-17 21:50:48.107 WAT [Error] getAllClaimsFromToken : "gggggggg", "JWT strings must contain exactly 2 period characters. Found: 0"
2026-04-17 21:51:48.718 WAT [Error] getAllClaimsFromToken : "gggggggg", "JWT strings must contain exactly 2 period characters. Found: 0"
2026-04-17 21:52:48.179 WAT [Error] getAllClaimsFromToken : "gggggggg", "JWT strings must contain exactly 2 period characters. Found: 0"
2026-04-17 21:53:04.507 WAT [Error] getAllClaimsFromToken : "gggggggg", "JWT strings must contain exactly 2 period characters. Found: 0"
2026-04-17 21:53:04.508 WAT [Error] getAllClaimsFromToken : "gggggggg", "JWT strings must contain exactly 2 period characters. Found: 0"
2026-04-17 21:53:04.579 WAT [Error] getAllClaimsFromToken : "gggggggg", "JWT strings must contain exactly 2 period characters. Found: 0"
2026-04-17 21:53:04.583 WAT [Error] getAllClaimsFromToken : "gggggggg", "JWT strings must contain exactly 2 period characters. Found: 0"
2026-04-17 21:53:04.584 WAT [Error] getAllClaimsFromToken : "gggggggg", "JWT strings must contain exactly 2 period characters. Found: 0"
2026-04-17 21:53:04.588 WAT [Error] getAllClaimsFromToken : "gggggggg", "JWT strings must contain exactly 2 period characters. Found: 0"
2026-04-17 21:53:04.591 WAT [Error] getAllClaimsFromToken : "gggggggg", "JWT strings must contain exactly 2 period characters. Found: 0"
2026-04-17 21:53:04.591 WAT [Error] getAllClaimsFromToken : "gggggggg", "JWT strings must contain exactly 2 period characters. Found: 0"
2026-04-17 21:53:04.605 WAT [Error] getAllClaimsFromToken : "gggggggg", "JWT strings must contain exactly 2 period characters. Found: 0"
2026-04-17 21:53:04.764 WAT [Error] AccessDeniedException "org.springframework.security.access.AccessDeniedException: Accès refusé"
2026-04-17 21:53:04.767 WAT [Error] AccessDeniedException "org.springframework.security.access.AccessDeniedException: Accès refusé"
2026-04-17 21:53:04.767 WAT [Error] AccessDeniedException "org.springframework.security.access.AccessDeniedException: Accès refusé"
2026-04-17 21:53:04.783 WAT [Error] getAllClaimsFromToken : "gggggggg", "JWT strings must contain exactly 2 period characters. Found: 0"
2026-04-17 21:53:04.785 WAT [Error] getAllClaimsFromToken : "gggggggg", "JWT strings must contain exactly 2 period characters. Found: 0"
2026-04-17 21:53:04.787 WAT [Error] getAllClaimsFromToken : "gggggggg", "JWT strings must contain exactly 2 period characters. Found: 0"
2026-04-17 21:53:04.806 WAT [Error] getAllClaimsFromToken : "gggggggg", "JWT strings must contain exactly 2 period characters. Found: 0"
2026-04-17 21:53:05.454 WAT [Error] getAllClaimsFromToken : "gggggggg", "JWT strings must contain exactly 2 period characters. Found: 0"
2026-04-17 21:53:07.074 WAT [Error] getAllClaimsFromToken : "gggggggg", "JWT strings must contain exactly 2 period characters. Found: 0"
2026-04-17 21:53:07.074 WAT [Error] getAllClaimsFromToken : "gggggggg", "JWT strings must contain exactly 2 period characters. Found: 0"
2026-04-17 21:53:12.072 WAT [Error] getAllClaimsFromToken : "gggggggg", "JWT strings must contain exactly 2 period characters. Found: 0"
2026-04-17 21:53:12.072 WAT [Error] getAllClaimsFromToken : "gggggggg", "JWT strings must contain exactly 2 period characters. Found: 0"
2026-04-17 21:53:17.073 WAT [Error] getAllClaimsFromToken : "gggggggg", "JWT strings must contain exactly 2 period characters. Found: 0"
2026-04-17 21:53:17.073 WAT [Error] getAllClaimsFromToken : "gggggggg", "JWT strings must contain exactly 2 period characters. Found: 0"
2026-04-17 21:53:48.723 WAT [Error] getAllClaimsFromToken : "gggggggg", "JWT strings must contain exactly 2 period characters. Found: 0"
2026-04-17 21:54:48.111 WAT [Error] getAllClaimsFromToken : "gggggggg", "JWT strings must contain exactly 2 period characters. Found: 0"
2026-04-17 21:55:48.715 WAT [Error] getAllClaimsFromToken : "gggggggg", "JWT strings must contain exactly 2 period characters. Found: 0"
2026-04-17 21:56:48.111 WAT [Error] getAllClaimsFromToken : "gggggggg", "JWT strings must contain exactly 2 period characters. Found: 0"
2026-04-17 21:57:48.713 WAT [Error] getAllClaimsFromToken : "gggggggg", "JWT strings must contain exactly 2 period characters. Found: 0"
2026-04-17 22:06:51.295 WAT [Error] AccessDeniedException "org.springframework.security.access.AccessDeniedException: Accès refusé"
2026-04-17 22:07:06.961 WAT [Error] AccessDeniedException "org.springframework.security.access.AccessDeniedException: Accès refusé"
