2026-04-30 09:33:35.898 WAT [Error] getAllClaimsFromToken : "gggggggg", "JWT strings must contain exactly 2 period characters. Found: 0"
2026-04-30 09:33:35.907 WAT [Error] getAllClaimsFromToken : "gggggggg", "JWT strings must contain exactly 2 period characters. Found: 0"
2026-04-30 09:33:35.905 WAT [Error] getAllClaimsFromToken : "gggggggg", "JWT strings must contain exactly 2 period characters. Found: 0"
2026-04-30 09:33:35.905 WAT [Error] getAllClaimsFromToken : "gggggggg", "JWT strings must contain exactly 2 period characters. Found: 0"
2026-04-30 09:33:35.905 WAT [Error] getAllClaimsFromToken : "gggggggg", "JWT strings must contain exactly 2 period characters. Found: 0"
2026-04-30 09:33:35.905 WAT [Error] getAllClaimsFromToken : "gggggggg", "JWT strings must contain exactly 2 period characters. Found: 0"
2026-04-30 09:33:35.905 WAT [Error] getAllClaimsFromToken : "gggggggg", "JWT strings must contain exactly 2 period characters. Found: 0"
2026-04-30 09:33:35.901 WAT [Error] getAllClaimsFromToken : "gggggggg", "JWT strings must contain exactly 2 period characters. Found: 0"
2026-04-30 09:33:35.901 WAT [Error] getAllClaimsFromToken : "gggggggg", "JWT strings must contain exactly 2 period characters. Found: 0"
2026-04-30 09:33:35.901 WAT [Error] getAllClaimsFromToken : "gggggggg", "JWT strings must contain exactly 2 period characters. Found: 0"
2026-04-30 09:33:35.937 WAT [Error] AccessDeniedException "org.springframework.security.access.AccessDeniedException: Accès refusé"
2026-04-30 09:33:35.937 WAT [Error] AccessDeniedException "org.springframework.security.access.AccessDeniedException: Accès refusé"
2026-04-30 09:33:35.937 WAT [Error] AccessDeniedException "org.springframework.security.access.AccessDeniedException: Accès refusé"
2026-04-30 09:33:36.245 WAT [Error] getAllClaimsFromToken : "gggggggg", "JWT strings must contain exactly 2 period characters. Found: 0"
2026-04-30 10:25:15.266 WAT [Error] AccessDeniedException "org.springframework.security.access.AccessDeniedException: Accès refusé"
2026-04-30 11:50:45.665 WAT [Error] AccessDeniedException "org.springframework.security.access.AccessDeniedException: Accès refusé"
2026-04-30 11:50:47.844 WAT [Error] AccessDeniedException "org.springframework.security.access.AccessDeniedException: Accès refusé"
2026-04-30 11:50:51.362 WAT [Error] AccessDeniedException "org.springframework.security.access.AccessDeniedException: Accès refusé"
2026-04-30 11:51:23.808 WAT [Error] getAllClaimsFromToken : "gggggggg", "JWT strings must contain exactly 2 period characters. Found: 0"
2026-04-30 14:27:01.704 WAT [Error] AccessDeniedException "org.springframework.security.access.AccessDeniedException: Accès refusé"
2026-04-30 15:27:52.676 WAT [Error] getAllClaimsFromToken : "gggggggg", "JWT strings must contain exactly 2 period characters. Found: 0"
2026-04-30 15:29:26.881 WAT [Error] getAllClaimsFromToken : "gggggggg", "JWT strings must contain exactly 2 period characters. Found: 0"
2026-04-30 15:42:35.768 WAT [Error] getAllClaimsFromToken : "gggggggg", "JWT strings must contain exactly 2 period characters. Found: 0"
2026-04-30 15:42:41.607 WAT [Error] getAllClaimsFromToken : "gggggggg", "JWT strings must contain exactly 2 period characters. Found: 0"
2026-04-30 15:42:45.798 WAT [Error] getAllClaimsFromToken : "gggggggg", "JWT strings must contain exactly 2 period characters. Found: 0"
2026-04-30 15:42:48.226 WAT [Error] getAllClaimsFromToken : "gggggggg", "JWT strings must contain exactly 2 period characters. Found: 0"
2026-04-30 15:43:31.869 WAT [Error] AccessDeniedException "org.springframework.security.access.AccessDeniedException: Accès refusé"
2026-04-30 15:43:31.891 WAT [Error] AccessDeniedException "org.springframework.security.access.AccessDeniedException: Accès refusé"
2026-04-30 15:43:31.906 WAT [Error] AccessDeniedException "org.springframework.security.access.AccessDeniedException: Accès refusé"
2026-04-30 15:43:32.538 WAT [Error] AccessDeniedException "org.springframework.security.access.AccessDeniedException: Accès refusé"
2026-04-30 15:43:59.698 WAT [Error] AccessDeniedException "org.springframework.security.access.AccessDeniedException: Accès refusé"
2026-04-30 15:44:30.322 WAT [Error] AccessDeniedException "org.springframework.security.access.AccessDeniedException: Accès refusé"
2026-04-30 17:21:13.199 WAT [Error] AccessDeniedException "org.springframework.security.access.AccessDeniedException: Accès refusé"
2026-04-30 17:59:43.150 WAT [Error] AccessDeniedException "org.springframework.security.access.AccessDeniedException: Accès refusé"
2026-04-30 18:51:44.295 WAT [Error] ResourceNotFoundException "dz.elit.sihati.domain.exceptions.ResourceNotFoundException: No upcoming accepted appointment found for patient with code: U006"
2026-04-30 18:51:50.558 WAT [Error] ResourceNotFoundException "dz.elit.sihati.domain.exceptions.ResourceNotFoundException: No upcoming accepted appointment found for patient with code: U001"
2026-04-30 18:51:52.496 WAT [Error] ResourceNotFoundException "dz.elit.sihati.domain.exceptions.ResourceNotFoundException: No upcoming accepted appointment found for patient with code: U002"
2026-04-30 18:51:53.723 WAT [Error] ResourceNotFoundException "dz.elit.sihati.domain.exceptions.ResourceNotFoundException: No upcoming accepted appointment found for patient with code: U003"
2026-04-30 18:51:55.167 WAT [Error] ResourceNotFoundException "dz.elit.sihati.domain.exceptions.ResourceNotFoundException: No upcoming accepted appointment found for patient with code: U004"
2026-04-30 18:51:56.477 WAT [Error] ResourceNotFoundException "dz.elit.sihati.domain.exceptions.ResourceNotFoundException: No upcoming accepted appointment found for patient with code: U005"
2026-04-30 18:51:57.503 WAT [Error] ResourceNotFoundException "dz.elit.sihati.domain.exceptions.ResourceNotFoundException: No upcoming accepted appointment found for patient with code: U006"
2026-04-30 18:52:54.441 WAT [Error] ResourceNotFoundException "dz.elit.sihati.domain.exceptions.ResourceNotFoundException: No upcoming accepted appointment found for patient with code: U003"
2026-04-30 18:52:59.713 WAT [Error] ResourceNotFoundException "dz.elit.sihati.domain.exceptions.ResourceNotFoundException: No upcoming accepted appointment found for patient with code: U003"
2026-04-30 18:53:38.275 WAT [Error] ResourceNotFoundException "dz.elit.sihati.domain.exceptions.ResourceNotFoundException: No upcoming accepted appointment found for patient with code: U003"
2026-04-30 18:57:09.665 WAT [Error] DataIntegrityViolationException "org.springframework.dao.DataIntegrityViolationException: could not execute batch [Batch entry 0 insert into care.request_appointment (appointment_date,appointment_number,medical_center_id,patient_id,reason,specialty_id,status,timing_doctor_id,id) values (('2026-05-29 10:00:00+01'),('RDV-1777571829536'),(NULL),('3'::int8),('HII'),(NULL),('MIS_EN_ATTENTE'),('31'::int8),('1'::int8)) was aborted: ERREUR: la valeur d'une clé dupliquée rompt la contrainte unique « request_appointment_pkey »
  Detail: La clé « (id)=(1) » existe déjà.  Call getNextException to see other errors in the batch.] [insert into care.request_appointment (appointment_date,appointment_number,medical_center_id,patient_id,reason,specialty_id,status,timing_doctor_id,id) values (?,?,?,?,?,?,?,?,?)]; SQL [insert into care.request_appointment (appointment_date,appointment_number,medical_center_id,patient_id,reason,specialty_id,status,timing_doctor_id,id) values (?,?,?,?,?,?,?,?,?)]; constraint [null]"
2026-04-30 18:57:40.826 WAT [Error] DataIntegrityViolationException "org.springframework.dao.DataIntegrityViolationException: could not execute batch [Batch entry 0 insert into care.request_appointment (appointment_date,appointment_number,medical_center_id,patient_id,reason,specialty_id,status,timing_doctor_id,id) values (('2026-05-29 10:00:00+01'),('RDV-1777571860815'),(NULL),('3'::int8),('HII'),(NULL),('MIS_EN_ATTENTE'),('31'::int8),('2'::int8)) was aborted: ERREUR: la valeur d'une clé dupliquée rompt la contrainte unique « request_appointment_pkey »
  Detail: La clé « (id)=(2) » existe déjà.  Call getNextException to see other errors in the batch.] [insert into care.request_appointment (appointment_date,appointment_number,medical_center_id,patient_id,reason,specialty_id,status,timing_doctor_id,id) values (?,?,?,?,?,?,?,?,?)]; SQL [insert into care.request_appointment (appointment_date,appointment_number,medical_center_id,patient_id,reason,specialty_id,status,timing_doctor_id,id) values (?,?,?,?,?,?,?,?,?)]; constraint [null]"
2026-04-30 19:06:14.826 WAT [Error] AccessDeniedException "org.springframework.security.access.AccessDeniedException: Accès refusé"
2026-04-30 19:06:21.968 WAT [Error] AccessDeniedException "org.springframework.security.access.AccessDeniedException: Accès refusé"
2026-04-30 19:06:40.046 WAT [Error] getAllClaimsFromToken : "gggggggg", "JWT strings must contain exactly 2 period characters. Found: 0"
2026-04-30 19:06:40.048 WAT [Error] AccessDeniedException "org.springframework.security.access.AccessDeniedException: Accès refusé"
2026-04-30 19:06:40.099 WAT [Error] getAllClaimsFromToken : "gggggggg", "JWT strings must contain exactly 2 period characters. Found: 0"
2026-04-30 19:06:40.099 WAT [Error] AccessDeniedException "org.springframework.security.access.AccessDeniedException: Accès refusé"
2026-04-30 19:06:52.430 WAT [Error] DataIntegrityViolationException "org.springframework.dao.DataIntegrityViolationException: could not execute batch [Batch entry 0 insert into care.request_appointment (appointment_date,appointment_number,medical_center_id,patient_id,reason,specialty_id,status,timing_doctor_id,id) values (('2026-05-27 09:00:00+01'),('RDV-1777572412348'),(NULL),('3'::int8),('dfgsd'),(NULL),('MIS_EN_ATTENTE'),('1'::int8),('1'::int8)) was aborted: ERREUR: la valeur d'une clé dupliquée rompt la contrainte unique « request_appointment_pkey »
  Detail: La clé « (id)=(1) » existe déjà.  Call getNextException to see other errors in the batch.] [insert into care.request_appointment (appointment_date,appointment_number,medical_center_id,patient_id,reason,specialty_id,status,timing_doctor_id,id) values (?,?,?,?,?,?,?,?,?)]; SQL [insert into care.request_appointment (appointment_date,appointment_number,medical_center_id,patient_id,reason,specialty_id,status,timing_doctor_id,id) values (?,?,?,?,?,?,?,?,?)]; constraint [null]"
2026-04-30 19:07:02.633 WAT [Error] DataIntegrityViolationException "org.springframework.dao.DataIntegrityViolationException: could not execute batch [Batch entry 0 insert into care.request_appointment (appointment_date,appointment_number,medical_center_id,patient_id,reason,specialty_id,status,timing_doctor_id,id) values (('2026-05-27 09:00:00+01'),('RDV-1777572422620'),(NULL),('3'::int8),('dfgsd'),(NULL),('MIS_EN_ATTENTE'),('1'::int8),('2'::int8)) was aborted: ERREUR: la valeur d'une clé dupliquée rompt la contrainte unique « request_appointment_pkey »
  Detail: La clé « (id)=(2) » existe déjà.  Call getNextException to see other errors in the batch.] [insert into care.request_appointment (appointment_date,appointment_number,medical_center_id,patient_id,reason,specialty_id,status,timing_doctor_id,id) values (?,?,?,?,?,?,?,?,?)]; SQL [insert into care.request_appointment (appointment_date,appointment_number,medical_center_id,patient_id,reason,specialty_id,status,timing_doctor_id,id) values (?,?,?,?,?,?,?,?,?)]; constraint [null]"
2026-04-30 19:19:20.247 WAT [Error] DataIntegrityViolationException "org.springframework.dao.DataIntegrityViolationException: could not execute batch [Batch entry 0 insert into care.request_appointment (appointment_date,appointment_number,medical_center_id,patient_id,reason,specialty_id,status,timing_doctor_id,id) values (('2026-05-27 09:00:00+01'),('RDV-1777573160136'),(NULL),('3'::int8),('nmnb'),(NULL),('MIS_EN_ATTENTE'),('1'::int8),('1'::int8)) was aborted: ERREUR: la valeur d'une clé dupliquée rompt la contrainte unique « request_appointment_pkey »
  Detail: La clé « (id)=(1) » existe déjà.  Call getNextException to see other errors in the batch.] [insert into care.request_appointment (appointment_date,appointment_number,medical_center_id,patient_id,reason,specialty_id,status,timing_doctor_id,id) values (?,?,?,?,?,?,?,?,?)]; SQL [insert into care.request_appointment (appointment_date,appointment_number,medical_center_id,patient_id,reason,specialty_id,status,timing_doctor_id,id) values (?,?,?,?,?,?,?,?,?)]; constraint [null]"
2026-04-30 19:19:25.882 WAT [Error] DataIntegrityViolationException "org.springframework.dao.DataIntegrityViolationException: could not execute batch [Batch entry 0 insert into care.request_appointment (appointment_date,appointment_number,medical_center_id,patient_id,reason,specialty_id,status,timing_doctor_id,id) values (('2026-05-27 09:00:00+01'),('RDV-1777573165869'),(NULL),('3'::int8),('nmnb'),(NULL),('MIS_EN_ATTENTE'),('1'::int8),('2'::int8)) was aborted: ERREUR: la valeur d'une clé dupliquée rompt la contrainte unique « request_appointment_pkey »
  Detail: La clé « (id)=(2) » existe déjà.  Call getNextException to see other errors in the batch.] [insert into care.request_appointment (appointment_date,appointment_number,medical_center_id,patient_id,reason,specialty_id,status,timing_doctor_id,id) values (?,?,?,?,?,?,?,?,?)]; SQL [insert into care.request_appointment (appointment_date,appointment_number,medical_center_id,patient_id,reason,specialty_id,status,timing_doctor_id,id) values (?,?,?,?,?,?,?,?,?)]; constraint [null]"
2026-04-30 19:53:51.080 WAT [Error] DataIntegrityViolationException "org.springframework.dao.DataIntegrityViolationException: could not execute batch [Batch entry 0 insert into care.request_appointment (appointment_date,appointment_number,medical_center_id,patient_id,reason,specialty_id,status,timing_doctor_id,id) values (('2026-05-27 09:00:00+01'),('RDV-1777575230996'),(NULL),('3'::int8),('dfsf'),(NULL),('MIS_EN_ATTENTE'),('1'::int8),('2'::int8)) was aborted: ERREUR: la valeur d'une clé dupliquée rompt la contrainte unique « request_appointment_pkey »
  Detail: La clé « (id)=(2) » existe déjà.  Call getNextException to see other errors in the batch.] [insert into care.request_appointment (appointment_date,appointment_number,medical_center_id,patient_id,reason,specialty_id,status,timing_doctor_id,id) values (?,?,?,?,?,?,?,?,?)]; SQL [insert into care.request_appointment (appointment_date,appointment_number,medical_center_id,patient_id,reason,specialty_id,status,timing_doctor_id,id) values (?,?,?,?,?,?,?,?,?)]; constraint [null]"
2026-04-30 19:58:11.101 WAT [Error] ResourceNotFoundException "dz.elit.sihati.domain.exceptions.ResourceNotFoundException: No upcoming accepted appointment found for patient with code: U003"
2026-04-30 19:58:19.275 WAT [Error] ResourceNotFoundException "dz.elit.sihati.domain.exceptions.ResourceNotFoundException: No upcoming accepted appointment found for patient with code: U003"
2026-04-30 20:25:27.409 WAT [Error] ResourceNotFoundException "dz.elit.sihati.domain.exceptions.ResourceNotFoundException: No upcoming accepted appointment found for patient with code: U003"
2026-04-30 21:02:38.935 WAT [Error] AccessDeniedException "org.springframework.security.access.AccessDeniedException: Accès refusé"
2026-04-30 21:04:32.643 WAT [Error] AccessDeniedException "org.springframework.security.access.AccessDeniedException: Accès refusé"
2026-04-30 21:58:38.844 WAT [Error] getAllClaimsFromToken : "gggggggg", "JWT strings must contain exactly 2 period characters. Found: 0"
2026-04-30 21:58:40.904 WAT [Error] getAllClaimsFromToken : "gggggggg", "JWT strings must contain exactly 2 period characters. Found: 0"
2026-04-30 21:58:41.091 WAT [Error] DataIntegrityViolationException "org.springframework.dao.DataIntegrityViolationException: could not execute batch [Batch entry 0 insert into communication.newnotification (code,creation_date,message,patient_id,request_appointment_id,request_care_coverage_id,seen,type,id) values (('NOTIF-178'),(NULL),('Votre rendez vous a ete accepte'),('3'::int8),('151'::int8),(NULL),('FALSE'::boolean),('RA'),('1'::int8)) was aborted: ERREUR: la valeur d'une clé dupliquée rompt la contrainte unique « newnotification_pkey »
  Detail: La clé « (id)=(1) » existe déjà.  Call getNextException to see other errors in the batch.] [insert into communication.newnotification (code,creation_date,message,patient_id,request_appointment_id,request_care_coverage_id,seen,type,id) values (?,?,?,?,?,?,?,?,?)]; SQL [insert into communication.newnotification (code,creation_date,message,patient_id,request_appointment_id,request_care_coverage_id,seen,type,id) values (?,?,?,?,?,?,?,?,?)]; constraint [null]"
2026-04-30 21:59:00.169 WAT [Error] getAllClaimsFromToken : "gggggggg", "JWT strings must contain exactly 2 period characters. Found: 0"
2026-04-30 21:59:00.176 WAT [Error] AccessDeniedException "org.springframework.security.access.AccessDeniedException: Accès refusé"
2026-04-30 21:59:17.060 WAT [Error] getAllClaimsFromToken : "gggggggg", "JWT strings must contain exactly 2 period characters. Found: 0"
2026-04-30 21:59:17.140 WAT [Error] BadCredentialsException "org.springframework.security.authentication.BadCredentialsException: Bad credentials"
2026-04-30 21:59:23.519 WAT [Error] getAllClaimsFromToken : "gggggggg", "JWT strings must contain exactly 2 period characters. Found: 0"
2026-04-30 21:59:25.588 WAT [Error] getAllClaimsFromToken : "gggggggg", "JWT strings must contain exactly 2 period characters. Found: 0"
2026-04-30 21:59:25.588 WAT [Error] getAllClaimsFromToken : "gggggggg", "JWT strings must contain exactly 2 period characters. Found: 0"
2026-04-30 21:59:25.589 WAT [Error] AccessDeniedException "org.springframework.security.access.AccessDeniedException: Accès refusé"
2026-04-30 21:59:25.589 WAT [Error] AccessDeniedException "org.springframework.security.access.AccessDeniedException: Accès refusé"
2026-04-30 22:00:25.647 WAT [Error] getAllClaimsFromToken : "gggggggg", "JWT strings must contain exactly 2 period characters. Found: 0"
2026-04-30 22:00:25.659 WAT [Error] DataIntegrityViolationException "org.springframework.dao.DataIntegrityViolationException: could not execute batch [Batch entry 0 insert into communication.newnotification (code,creation_date,message,patient_id,request_appointment_id,request_care_coverage_id,seen,type,id) values (('NOTIF-178'),(NULL),('Votre rendez vous a ete accepte'),('3'::int8),('152'::int8),(NULL),('FALSE'::boolean),('RA'),('2'::int8)) was aborted: ERREUR: la valeur d'une clé dupliquée rompt la contrainte unique « newnotification_pkey »
  Detail: La clé « (id)=(2) » existe déjà.  Call getNextException to see other errors in the batch.] [insert into communication.newnotification (code,creation_date,message,patient_id,request_appointment_id,request_care_coverage_id,seen,type,id) values (?,?,?,?,?,?,?,?,?)]; SQL [insert into communication.newnotification (code,creation_date,message,patient_id,request_appointment_id,request_care_coverage_id,seen,type,id) values (?,?,?,?,?,?,?,?,?)]; constraint [null]"
2026-04-30 22:00:52.885 WAT [Error] getAllClaimsFromToken : "gggggggg", "JWT strings must contain exactly 2 period characters. Found: 0"
2026-04-30 22:00:52.894 WAT [Error] DataIntegrityViolationException "org.springframework.dao.DataIntegrityViolationException: could not execute batch [Batch entry 0 insert into communication.newnotification (code,creation_date,message,patient_id,request_appointment_id,request_care_coverage_id,seen,type,id) values (('NOTIF-178'),(NULL),('Votre rendez vous a ete accepte'),('3'::int8),('152'::int8),(NULL),('FALSE'::boolean),('RA'),('3'::int8)) was aborted: ERREUR: la valeur d'une clé dupliquée rompt la contrainte unique « newnotification_pkey »
  Detail: La clé « (id)=(3) » existe déjà.  Call getNextException to see other errors in the batch.] [insert into communication.newnotification (code,creation_date,message,patient_id,request_appointment_id,request_care_coverage_id,seen,type,id) values (?,?,?,?,?,?,?,?,?)]; SQL [insert into communication.newnotification (code,creation_date,message,patient_id,request_appointment_id,request_care_coverage_id,seen,type,id) values (?,?,?,?,?,?,?,?,?)]; constraint [null]"
2026-04-30 22:05:35.232 WAT [Error] getAllClaimsFromToken : "gggggggg", "JWT strings must contain exactly 2 period characters. Found: 0"
2026-04-30 22:05:35.349 WAT [Error] ResourceNotFoundException "dz.elit.sihati.domain.exceptions.ResourceNotFoundException: RequestAppointment with id=152 not found"
2026-04-30 22:06:22.700 WAT [Error] getAllClaimsFromToken : "gggggggg", "JWT strings must contain exactly 2 period characters. Found: 0"
2026-04-30 22:06:22.707 WAT [Error] ResourceNotFoundException "dz.elit.sihati.domain.exceptions.ResourceNotFoundException: RequestAppointment with id=152 not found"
2026-04-30 22:06:40.512 WAT [Error] getAllClaimsFromToken : "gggggggg", "JWT strings must contain exactly 2 period characters. Found: 0"
2026-04-30 22:06:40.518 WAT [Error] ResourceNotFoundException "dz.elit.sihati.domain.exceptions.ResourceNotFoundException: RequestAppointment with id=151 not found"
2026-04-30 22:08:21.683 WAT [Error] getAllClaimsFromToken : "gggggggg", "JWT strings must contain exactly 2 period characters. Found: 0"
2026-04-30 22:08:36.319 WAT [Error] getAllClaimsFromToken : "gggggggg", "JWT strings must contain exactly 2 period characters. Found: 0"
2026-04-30 22:08:36.325 WAT [Error] ResourceNotFoundException "dz.elit.sihati.domain.exceptions.ResourceNotFoundException: RequestAppointment with id=152 not found"
2026-04-30 22:09:13.036 WAT [Error] getAllClaimsFromToken : "gggggggg", "JWT strings must contain exactly 2 period characters. Found: 0"
2026-04-30 22:09:13.041 WAT [Error] ResourceNotFoundException "dz.elit.sihati.domain.exceptions.ResourceNotFoundException: RequestAppointment with id=152 not found"
2026-04-30 22:19:07.929 WAT [Error] getAllClaimsFromToken : "gggggggg", "JWT strings must contain exactly 2 period characters. Found: 0"
2026-04-30 22:19:07.939 WAT [Error] ResourceNotFoundException "dz.elit.sihati.domain.exceptions.ResourceNotFoundException: RequestAppointment with id=152 not found"
2026-04-30 23:12:27.634 WAT [Error] AccessDeniedException "org.springframework.security.access.AccessDeniedException: Accès refusé"
2026-04-30 23:34:31.800 WAT [Error] getAllClaimsFromToken : "gggggggg", "JWT strings must contain exactly 2 period characters. Found: 0"
2026-04-30 23:34:32.089 WAT [Error] ResourceNotFoundException "dz.elit.sihati.domain.exceptions.ResourceNotFoundException: RequestAppointment with id=152 not found"
2026-04-30 23:34:52.007 WAT [Error] getAllClaimsFromToken : "gggggggg", "JWT strings must contain exactly 2 period characters. Found: 0"
2026-04-30 23:36:08.257 WAT [Error] getAllClaimsFromToken : "gggggggg", "JWT strings must contain exactly 2 period characters. Found: 0"
2026-04-30 23:58:29.835 WAT [Error] getAllClaimsFromToken : "gggggggg", "JWT strings must contain exactly 2 period characters. Found: 0"
2026-04-30 23:58:59.825 WAT [Error] getAllClaimsFromToken : "gggggggg", "JWT strings must contain exactly 2 period characters. Found: 0"
2026-04-30 23:59:29.832 WAT [Error] getAllClaimsFromToken : "gggggggg", "JWT strings must contain exactly 2 period characters. Found: 0"
2026-04-30 23:59:59.821 WAT [Error] getAllClaimsFromToken : "gggggggg", "JWT strings must contain exactly 2 period characters. Found: 0"
